2026-05-06 20:10:30,236 INFO backend.services.analysis_pipeline analyze_success machine_id=MOTOR-LINE-07 elapsed_ms=6095
2026-05-06 20:14:34,216 INFO backend.services.analysis_pipeline analyze_success machine_id=MOTOR-LINE-07 elapsed_ms=3220
2026-05-06 20:35:15,552 INFO backend.services.analysis_pipeline analyze_success machine_id=MOTOR-LINE-07 elapsed_ms=5294
2026-05-06 20:37:45,309 INFO backend.services.analysis_pipeline analyze_success machine_id=MOTOR-LINE-07 elapsed_ms=3667
2026-05-06 20:38:01,726 INFO backend.services.analysis_pipeline analyze_success machine_id=MOTOR-LINE-07 elapsed_ms=3485
2026-05-06 20:38:38,520 INFO backend.services.analysis_pipeline analyze_success machine_id=MOTOR-LINE-07 elapsed_ms=3816
2026-05-06 20:39:14,220 INFO backend.services.analysis_pipeline analyze_success machine_id=MOTOR-LINE-07 elapsed_ms=3669
2026-05-07 15:57:36,077 INFO backend.services.analysis_pipeline analyze_success machine_id=MOTOR-LINE-07 elapsed_ms=5058
2026-05-07 15:58:00,482 INFO backend.services.analysis_pipeline analyze_success machine_id=MOTOR-LINE-07 elapsed_ms=3571
2026-05-07 23:31:14,449 INFO backend.services.analysis_pipeline analyze_success machine_id=MOTOR-LINE-07 elapsed_ms=3846
2026-05-07 23:35:46,619 INFO backend.services.analysis_pipeline analyze_success machine_id=MOTOR-LINE-07 elapsed_ms=4501
2026-05-07 23:36:34,251 INFO backend.services.analysis_pipeline analyze_success machine_id=MOTOR-LINE-07 elapsed_ms=2728
2026-05-07 23:42:04,765 INFO backend.services.analysis_pipeline analyze_success machine_id=MOTOR-LINE-07 elapsed_ms=3159
2026-05-07 23:45:22,044 INFO backend.services.analysis_pipeline analyze_success machine_id=MOTOR-LINE-07 elapsed_ms=2916
2026-05-07 23:46:33,904 INFO backend.services.analysis_pipeline analyze_success machine_id=MOTOR-LINE-07 elapsed_ms=2860
2026-05-07 23:48:10,991 INFO backend.services.analysis_pipeline analyze_success machine_id=MOTOR-LINE-07 elapsed_ms=3116
2026-05-07 23:49:21,345 INFO backend.services.analysis_pipeline analyze_success machine_id=MOTOR-LINE-07 elapsed_ms=2922
2026-05-07 23:49:55,221 INFO backend.services.analysis_pipeline analyze_success machine_id=MOTOR-LINE-07 elapsed_ms=2975
2026-05-12 11:06:05,808 INFO backend.services.analysis_pipeline analyze_success machine_id=MOTOR-LINE-07 elapsed_ms=4300
2026-05-16 12:19:20,436 INFO backend.services.analysis_pipeline analyze_success machine_id=MOTOR-LINE-07 elapsed_ms=5663
2026-05-16 12:33:02,896 INFO backend.services.analysis_pipeline analyze_success machine_id=MOTOR-LINE-07 elapsed_ms=4700
2026-05-16 12:56:50,887 INFO backend.services.analysis_pipeline analyze_success machine_id=MOTOR-LINE-07 elapsed_ms=3615
2026-05-16 13:55:16,053 INFO backend.services.analysis_pipeline analyze_success machine_id=MOTOR-LINE-07 elapsed_ms=3470
2026-05-16 20:02:07,371 INFO backend.ml.ml_flow model_trained name=RandomForest accuracy=0.7650
2026-05-16 20:02:08,089 INFO backend.ml.ml_flow model_trained name=GradientBoosting accuracy=0.7875
2026-05-16 20:02:08,107 INFO backend.ml.ml_flow model_trained name=LogisticRegression accuracy=0.7525
2026-05-16 20:02:08,544 INFO backend.ml.ml_flow model_trained name=SVC accuracy=0.7350
2026-05-16 20:02:08,571 INFO backend.ml.ml_flow model_trained name=KNeighbors accuracy=0.7600
2026-05-16 20:02:09,805 INFO backend.ml.ml_flow saved_comparison_plot path=models\model_accuracy_comparison.png
2026-05-16 20:02:09,813 INFO backend.ml.ml_flow best_model_selected name=GradientBoosting accuracy=0.7875
2026-05-16 20:07:33,838 INFO backend.services.analysis_pipeline analyze_success machine_id=MOTOR-LINE-07 elapsed_ms=644
2026-05-16 20:18:30,870 INFO backend.services.analysis_pipeline analyze_success machine_id=MOTOR-LINE-07 elapsed_ms=813
2026-05-16 20:18:46,330 INFO backend.services.analysis_pipeline analyze_success machine_id=MOTOR-LINE-07 elapsed_ms=577
2026-05-18 14:13:03,182 INFO backend.services.analysis_pipeline analyze_success machine_id=MOTOR-LINE-07 elapsed_ms=2017
2026-05-18 14:14:28,521 INFO backend.services.analysis_pipeline analyze_success machine_id=MOTOR-LINE-07 elapsed_ms=1666
2026-05-23 13:06:14,808 INFO backend.services.analysis_pipeline analyze_success machine_id=MOTOR-LINE-07 elapsed_ms=2731
